// Jest Snapshot v1, https://goo.gl/fbAQLP

exports[`DirectoryList when \`directories\` are not passed renders properly 1`] = `
<ul
  className="DirectoryList"
/>
`;

exports[`DirectoryList when component is fulfilled with \`directories\` renders properly 1`] = `
<ul
  className="DirectoryList"
>
  <li
    key="1"
  >
    <Directory
      active={true}
      clicked={[Function]}
      folderClicked={[Function]}
      name="Root"
      opened={true}
    />
    <DirectoryList
      closeDirectory={[Function]}
      directories={
        Array [
          Object {
            "active": true,
            "id": 1,
            "name": "Root",
            "opened": true,
          },
        ]
      }
      openDirectory={[Function]}
      parentId={1}
      selectDirectory={[Function]}
    />
  </li>
</ul>
`;
