// Jest Snapshot v1, https://goo.gl/fbAQLP

exports[`DirectoryList when \`directories\` are not passed renders properly 1`] = `<ul />`;

exports[`DirectoryList when component is fulfilled with \`directories\` renders properly 1`] = `
<ul>
  <li
    key="1"
  >
    <Directory
      doubleClicked={[Function]}
      folderClicked={[Function]}
      name="Root"
      opened={true}
    />
    <DirectoryList
      directories={
        Array [
          Object {
            "id": 1,
            "name": "Root",
            "opened": true,
          },
        ]
      }
      editDirectory={[Function]}
      parentId={1}
      toggleDirectory={[Function]}
    />
  </li>
</ul>
`;
